[materializecss.com/getting-started.html]
[materializecss.com/index.html]
[materializecss.com/color.html]
[materializecss.com/grid.html]
[materializecss.com/helpers.html]
[materializecss.com/media-css.html]
[materializecss.com/shadow.html]
[materializecss.com/sass.html]
[materializecss.com/typography.html]
[materializecss.com/badges.html]
[materializecss.com/buttons.html]
[materializecss.com/table.html]
[materializecss.com/breadcrumbs.html]
[materializecss.com/cards.html]
[materializecss.com/chips.html]
[materializecss.com/collections.html]
[materializecss.com/footer.html]
[materializecss.com/forms.html]
[materializecss.com/icons.html]
[materializecss.com/navbar.html]
[materializecss.com/pagination.html]
[materializecss.com/preloader.html]
[materializecss.com/carousel.html]
[materializecss.com/collapsible.html]
[materializecss.com/dialogs.html]
[materializecss.com/dropdown.html]
[materializecss.com/media.html]
[materializecss.com/modals.html]
[materializecss.com/parallax.html]
[materializecss.com/pushpin.html]
[materializecss.com/scrollspy.html]
[materializecss.com/scrollfire.html]
[materializecss.com/side-nav.html]
[materializecss.com/tabs.html]
[materializecss.com/transitions.html]
[materializecss.com/waves.html]
[materializecss.com/mobile.html]
[materializecss.com/showcase.html]
[materializecss.com/about.html]
[backblue.gif]
[fade.gif]
[index.html]
[materializecss.com/images/favicon/apple-touch-icon-152x152.png]
[materializecss.com/images/favicon/mstile-144x144.png]
[materializecss.com/images/favicon/favicon-32x32.png]
[materializecss.com/css/prism.css]
[materializecss.com/css/ghpages-materialize.css]
[materializecss.com/res/materialize.svg]
[cdn.transifex.com/live.js]
[cdn.carbonads.com/carbon2f75.js]
[materializecss.com/images/responsive.png]
[code.jquery.com/jquery-2.1.4.min.js]
[materializecss.com/bin/jquery-2.1.1.min.30.delayed]
[materializecss.com/js/jquery.timeago.min.js]
[materializecss.com/js/prism.js]
[materializecss.com/jade/lunr.min.js]
[materializecss.com/jade/search.js]
[materializecss.com/js/init.js]
[materializecss.com/bin/materialize.js]
[apis.google.com/js/platform.js]
[www.google-analytics.com/analytics.js]
[materializecss.com/index.html]
[materializecss.com/bin/materialize-v0.97.7.zip]
[materializecss.com/bin/materialize-src-v0.97.7.zip]
[materializecss.com/templates/starter-template/preview.html]
[materializecss.com/images/starter-template.gif]
[materializecss.com/templates/starter-template.zip]
[materializecss.com/templates/parallax-template/preview.html]
[materializecss.com/images/parallax-template.jpg]
[materializecss.com/templates/parallax-template.zip]
[materializecss.com/getting-started.html]
[materializecss.com/color.html]
[materializecss.com/grid.html]
[materializecss.com/images/sample-1.jpg]
[materializecss.com/helpers.html]
[materializecss.com/images/yuna.jpg]
[materializecss.com/media-css.html]
[materializecss.com/sass.html]
[materializecss.com/shadow.html]
[materializecss.com/table.html]
[material-design.storage.googleapis.com/publish/v_2/material_ext_publish/0Bx4BSt6jniD7SW9CUzR4MnRpOTg/style_typography_roboto1.png]
[materializecss.com/typography.html]
[materializecss.com/badges.html]
[materializecss.com/buttons.html]
[materializecss.com/breadcrumbs.html]
[materializecss.com/images/office.jpg]
[materializecss.com/cards.html]
[materializecss.com/chips.html]
[materializecss.com/collections.html]
[materializecss.com/footer.html]
[materializecss.com/extras/noUiSlider/nouislider.css]
[materializecss.com/extras/noUiSlider/nouislider.js]
[materializecss.com/forms.html]
[materializecss.com/icons.html]
[materializecss.com/navbar.html]
[materializecss.com/pagination.html]
[materializecss.com/preloader.html]
[materializecss.com/carousel.html]
[materializecss.com/collapsible.html]
[materializecss.com/dialogs.html]
[materializecss.com/dropdown.html]
[pre04.deviantart.net/7eb9/th/pre/i/2013/126/1/e/nature_portrait_by_pw_fotografie-d63tx0n.html]
[materializecss.com/media.html]
[materializecss.com/modals.html]
[materializecss.com/fullscreen-slider-demo.html]
[materializecss.com/parallax.html]
[materializecss.com/pushpin.html]
[materializecss.com/parallax-demo.html]
[unsplash.imgix.net/reserve/nE6neNVdRPSIasnmePZe_IMG_1950b51f.jpg]
[materializecss.com/scrollfire.html]
[materializecss.com/scrollspy.html]
[materializecss.com/side-nav.html]
[materializecss.com/tabs.html]
[materializecss.com/transitions.html]
[materializecss.com/waves.html]
[materializecss.com/images/menu.gif]
[materializecss.com/images/toast.gif]
[materializecss.com/mobile.html]
[s27.postimg.io/cle8r44yb/100xp.html]
[s27.postimg.io/xtrx8jjf7/dlsuhackercup.html]
[s27.postimg.io/9328uq42b/gaggle.html]
[materializecss.com/images/showcase/fedora.png]
[materializecss.com/images/showcase/emerald.jpg]
[materializecss.com/images/showcase/caliber.png]
[materializecss.com/images/showcase/closeheat.png]
[materializecss.com/images/showcase/danielangel.png]
[materializecss.com/images/showcase/stamplay.png]
[materializecss.com/images/showcase/absurdoburger.jpg]
[materializecss.com/images/showcase/rdxsports.png]
[materializecss.com/images/showcase/straphq.png]
[materializecss.com/images/showcase/roboterwelt.png]
[s27.postimg.io/ndbt67ker/jumpr.html]
[puu.sh/i7MD1/5eb94d6470.png]
[materializecss.com/images/showcase/webonise.png]
[s27.postimg.io/4whefe4gj/phandroid.html]
[materializecss.com/images/showcase/kenyaapps.jpg]
[materializecss.com/images/showcase/kioskbrowser.png]
[materializecss.com/images/showcase/makoframework.png]
[s27.postimg.io/u18est3wz/artofwhere.html]
[materializecss.com/images/showcase/visitsarasota.jpg]
[s27.postimg.io/f98af7ndf/simplebooklet.html]
[materializecss.com/images/showcase/adbeus.png]
[materializecss.com/showcase.html]
[materializecss.com/images/metaphor.png]
[materializecss.com/images/bold.png]
[materializecss.com/images/motion.png]
[materializecss.com/images/materialize_team.jpg]
[materializecss.com/images/alvin.png]
[materializecss.com/images/Alan.png]
[materializecss.com/images/alex.png]
[materializecss.com/images/kevin.png]
[materializecss.com/about.html]
[materializecss.com/css/prism.css]
[materializecss.com/fonts/roboto/Roboto-Thin.eot]
[materializecss.com/fonts/roboto/Roboto-Thind41d.eot]
[materializecss.com/fonts/roboto/Roboto-Thin.woff2]
[materializecss.com/fonts/roboto/Roboto-Thin.woff]
[materializecss.com/fonts/roboto/Roboto-Light.eot]
[materializecss.com/fonts/roboto/Roboto-Thin.ttf]
[materializecss.com/fonts/roboto/Roboto-Light.woff2]
[materializecss.com/fonts/roboto/Roboto-Light.woff]
[materializecss.com/fonts/roboto/Roboto-Lightd41d.eot]
[materializecss.com/fonts/roboto/Roboto-Regular.eot]
[materializecss.com/fonts/roboto/Roboto-Regular.woff2]
[materializecss.com/fonts/roboto/Roboto-Regulard41d.eot]
[materializecss.com/fonts/roboto/Roboto-Regular.woff]
[materializecss.com/fonts/roboto/Roboto-Light.ttf]
[materializecss.com/fonts/roboto/Roboto-Medium.eot]
[materializecss.com/fonts/roboto/Roboto-Medium.woff2]
[materializecss.com/fonts/roboto/Roboto-Mediumd41d.eot]
[materializecss.com/fonts/roboto/Roboto-Medium.woff]
[materializecss.com/fonts/roboto/Roboto-Regular.ttf]
[materializecss.com/fonts/roboto/Roboto-Bold.eot]
[materializecss.com/fonts/roboto/Roboto-Bold.woff2]
[materializecss.com/fonts/roboto/Roboto-Boldd41d.eot]
[materializecss.com/fonts/roboto/Roboto-Bold.woff]
[materializecss.com/css/ghpages-materialize.css]
[materializecss.com/res/materialize.svg]
[materializecss.com/bin/jquery-2.1.1.min.html]
[materializecss.com/fonts/roboto/Roboto-Medium.ttf]
[materializecss.com/dist/css/materialize.min.css]
[materializecss.com/templates/starter-template/css/style.css]
[materializecss.com/templates/starter-template/preview.html]
[materializecss.com/templates/starter-template/js/init.js]
[code.jquery.com/jquery-2.1.1.min.js]
[materializecss.com/fonts/roboto/Roboto-Bold.ttf]
[materializecss.com/templates/parallax-template/css/style.css]
[materializecss.com/templates/parallax-template/background1.jpg]
[materializecss.com/templates/parallax-template/background2.jpg]
[materializecss.com/templates/parallax-template/background3.jpg]
[materializecss.com/templates/parallax-template/js/init.js]
[materializecss.com/templates/parallax-template/preview.html]
[materializecss.com/extras/noUiSlider/nouislider.css]
[materializecss.com/fullscreen-slider-demo.html]
[materializecss.com/index-2.html]
[materializecss.com/dist/js/materialize.js]
[materializecss.com/images/parallax1.jpg]
[materializecss.com/images/parallax2.jpg]
[materializecss.com/parallax-demo.html]
[puu.sh/i7MD1/5eb94d6470.html]
[materializecss.com/dist/fonts/roboto/Roboto-Thin.eot]
[materializecss.com/dist/fonts/roboto/Roboto-Thin.woff2]
[materializecss.com/dist/fonts/roboto/Roboto-Thind41d.eot]
[materializecss.com/dist/fonts/roboto/Roboto-Thin.woff]
[materializecss.com/dist/fonts/roboto/Roboto-Light.eot]
[materializecss.com/dist/fonts/roboto/Roboto-Lightd41d.eot]
[materializecss.com/dist/fonts/roboto/Roboto-Light.woff2]
[materializecss.com/dist/fonts/roboto/Roboto-Thin.ttf]
[materializecss.com/dist/fonts/roboto/Roboto-Light.woff]
[materializecss.com/dist/fonts/roboto/Roboto-Regular.eot]
[materializecss.com/dist/fonts/roboto/Roboto-Regulard41d.eot]
[materializecss.com/dist/fonts/roboto/Roboto-Regular.woff2]
[materializecss.com/dist/fonts/roboto/Roboto-Regular.woff]
[materializecss.com/dist/fonts/roboto/Roboto-Light.ttf]
[materializecss.com/dist/fonts/roboto/Roboto-Medium.eot]
[materializecss.com/dist/fonts/roboto/Roboto-Regular.ttf]
[materializecss.com/dist/fonts/roboto/Roboto-Medium.woff2]
[materializecss.com/dist/fonts/roboto/Roboto-Mediumd41d.eot]
[materializecss.com/dist/fonts/roboto/Roboto-Medium.woff]
[materializecss.com/dist/fonts/roboto/Roboto-Bold.eot]
[materializecss.com/dist/fonts/roboto/Roboto-Medium.ttf]
[materializecss.com/dist/fonts/roboto/Roboto-Bold.woff2]
[materializecss.com/dist/fonts/roboto/Roboto-Boldd41d.eot]
[materializecss.com/dist/fonts/roboto/Roboto-Bold.woff]
[materializecss.com/dist/css/materialize.min.css]
[materializecss.com/templates/starter-template/css/style.css]
[materializecss.com/templates/parallax-template/css/style.css]
[materializecss.com/index-2.html]
[materializecss.com/dist/fonts/roboto/Roboto-Bold.ttf]
